// Jest Snapshot v1, https://goo.gl/fbAQLP

exports[`Place Card content rendered renders correctly 1`] = `
<article
  className="cities__place-card place-card"
  onMouseEnter={[Function]}
  onMouseLeave={[Function]}
>
  <div
    className="cities__image-wrapper place-card__image-wrapper"
  >
    <a
      href="#"
    >
      <img
        alt={
          Array [
            "Note: No agency fees applicable when renting this apartment directly through Housing Agency.",
            "Characteristic apartment on the third floor with sunny balcony (south) in the beautiful and quiet Burmanstraat nearby the popular area of the Amstel river. Shops, restaurants, and Pijp within walking distance. Metro line close by.",
          ]
        }
        className="place-card__image"
        height="200"
        src="img/apartment-03.jpg"
        width="260"
      />
    </a>
  </div>
  <div
    className="place-card__info"
  >
    <div
      className="place-card__price-wrapper"
    >
      <div
        className="place-card__price"
      >
        <b
          className="place-card__price-value"
        >
          â‚¬
          600
        </b>
        
      </div>
      <button
        className="place-card__bookmark-button button"
        type="button"
      >
        <svg
          className="place-card__bookmark-icon"
          height="19"
          width="18"
        >
          <use
            xlinkHref="#icon-bookmark"
          />
        </svg>
        <span
          className="visually-hidden"
        >
          To bookmarks
        </span>
      </button>
    </div>
    <div
      className="place-card__rating rating"
    >
      <div
        className="place-card__stars rating__stars"
      >
        <span
          style={
            Object {
              "width": "100%",
            }
          }
        />
        <span
          className="visually-hidden"
        >
          Rating
        </span>
      </div>
    </div>
    <h2
      className="place-card__name"
    >
      <a
        href="#"
        onClick={[Function]}
      >
        Characteristic apartment on the third floor with sunny balcony
      </a>
    </h2>
    <p
      className="place-card__type"
    >
      house
    </p>
  </div>
</article>
`;
